current directory: /Users/danielpark/self_projects/h1yung.github.io/vendor/bundle/ruby/4.0.0/gems/json-2.18.1/ext/json/ext/parser
/usr/local/opt/ruby/bin/ruby extconf.rb
checking for rb_enc_interned_str() in ruby/encoding.h... yes
checking for rb_str_to_interned_str() in ruby.h... yes
checking for rb_hash_new_capa() in ruby.h... yes
checking for rb_hash_bulk_insert() in ruby.h... yes
checking for whether -std=c99 is accepted as CFLAGS... yes
checking for x86intrin.h... yes
checking for cpuid.h... yes
creating Makefile

current directory: /Users/danielpark/self_projects/h1yung.github.io/vendor/bundle/ruby/4.0.0/gems/json-2.18.1/ext/json/ext/parser
make -j9 DESTDIR\= sitearchdir\=./.gem.20260220-38814-bqc8ct sitelibdir\=./.gem.20260220-38814-bqc8ct clean

current directory: /Users/danielpark/self_projects/h1yung.github.io/vendor/bundle/ruby/4.0.0/gems/json-2.18.1/ext/json/ext/parser
make -j9 DESTDIR\= sitearchdir\=./.gem.20260220-38814-bqc8ct sitelibdir\=./.gem.20260220-38814-bqc8ct
compiling parser.c
linking shared-object json/ext/parser.bundle

current directory: /Users/danielpark/self_projects/h1yung.github.io/vendor/bundle/ruby/4.0.0/gems/json-2.18.1/ext/json/ext/parser
make -j9 DESTDIR\= sitearchdir\=./.gem.20260220-38814-bqc8ct sitelibdir\=./.gem.20260220-38814-bqc8ct install
/usr/bin/install -c -m 0755 parser.bundle ./.gem.20260220-38814-bqc8ct/json/ext

current directory: /Users/danielpark/self_projects/h1yung.github.io/vendor/bundle/ruby/4.0.0/gems/json-2.18.1/ext/json/ext/parser
make DESTDIR\= sitearchdir\=./.gem.20260220-38814-bqc8ct sitelibdir\=./.gem.20260220-38814-bqc8ct clean
